This file contains any messages produced by compilers while
running configure, to aid debugging if configure makes a mistake.

It was created by configure, which was
generated by GNU Autoconf 2.69.  Invocation command line was

  $ ./configure --without-libuseful

## --------- ##
## Platform. ##
## --------- ##

hostname = beast
uname -m = x86_64
uname -r = 6.14.1-cold-64
uname -s = Linux
uname -v = #7 SMP PREEMPT_DYNAMIC Thu Apr 10 12:38:18 BST 2025

/usr/bin/uname -p = unknown
/bin/uname -X     = 

/bin/arch              = unknown
/usr/bin/arch -k       = unknown
/usr/convex/getsysinfo = unknown
/usr/bin/hostinfo      = unknown
/bin/machine           = unknown
/usr/bin/oslevel       = unknown
/bin/universe          = unknown

PATH: /usr/prebin
PATH: /home/colum/bin
PATH: /usr/local/bin
PATH: /usr/bin
PATH: /usr/X11R7/bin
PATH: /bin
PATH: /usr/games/bin
PATH: .
PATH: /opt/avr/bin
PATH: /opt/boinc_client-7.14.2/bin
PATH: /opt/brlcad-7.26.4/bin
PATH: /opt/clamav-0.100.1/bin
PATH: /opt/csound-6.18.1/bin
PATH: /opt/ctoxcore-0.2.18/bin
PATH: /opt/Drawing/bin
PATH: /opt/emulators/bin
PATH: /opt/FLTK/bin
PATH: /opt/games/bin
PATH: /opt/gifprogs-5.1.2/bin
PATH: /opt/git-2.27.0/bin
PATH: /opt/graphviz-2.40.1/bin
PATH: /opt/graphviz-2.43.20200407.0324/bin
PATH: /opt/jpegprogs-9c/bin
PATH: /opt/LibreCAD/bin
PATH: /opt/localrocks-3.11.1/bin
PATH: /opt/lua-5.3.4/bin
PATH: /opt/mujs-1.0.5/bin
PATH: /opt/netpbm-10.66.02/bin
PATH: /opt/opengl/bin
PATH: /opt/openjdk-8u262/bin
PATH: /opt/Paint3D/bin
PATH: /opt/perl-5.24.1/bin
PATH: /opt/pngprogs-1.6.30/bin
PATH: /opt/Python-3.7.1/bin
PATH: /opt/qemu-5.2.1_SDL/bin
PATH: /opt/Qt5/bin
PATH: /opt/rust-1.57.0/bin
PATH: /opt/SDL2/bin
PATH: /opt/SDL/bin
PATH: /opt/sound-studio/bin
PATH: /opt/tcl-8.6.10/bin
PATH: /opt/tiffprogs-4.0.8/bin
PATH: /opt/wine-11.0/bin
PATH: /opt/xboinc_client-7.14.2/bin


## ----------- ##
## Core tests. ##
## ----------- ##

configure:2076: checking for gcc
configure:2092: found /usr/bin/gcc
configure:2103: result: gcc
configure:2332: checking for C compiler version
configure:2341: gcc --version >&5
gcc (GCC) 16.2.0
Copyright (C) 2026 Free Software Foundation, Inc.
This is free software; see the source for copying conditions.  There is NO
warranty; not even for MERCHANTABILITY or FITNESS FOR A PARTICULAR PURPOSE.

configure:2352: $? = 0
configure:2341: gcc -v >&5
Using built-in specs.
COLLECT_GCC=gcc
COLLECT_LTO_WRAPPER=/usr/libexec/gcc/i486-pc-linux-gnu/16.2.0/lto-wrapper
Target: i486-pc-linux-gnu
Configured with: ../gcc-16.2.0/configure --prefix=/usr --sysconfdir=/etc --localstatedir=/var --enable-languages=c,c++,go --host=i486-pc-linux-gnu --build=i486-pc-linux-gnu --target=i486-pc-linux-gnu
Thread model: posix
Supported LTO compression algorithms: zlib
gcc version 16.2.0 (GCC) 
configure:2352: $? = 0
configure:2341: gcc -V >&5
gcc: error: unrecognized command-line option '-V'
gcc: fatal error: no input files
compilation terminated.
configure:2352: $? = 1
configure:2341: gcc -qversion >&5
gcc: error: unrecognized command-line option '-qversion'; did you mean '--version'?
gcc: fatal error: no input files
compilation terminated.
configure:2352: $? = 1
configure:2372: checking whether the C compiler works
configure:2394: gcc    conftest.c  >&5
configure:2398: $? = 0
configure:2446: result: yes
configure:2449: checking for C compiler default output file name
configure:2451: result: a.out
configure:2457: checking for suffix of executables
configure:2464: gcc -o conftest    conftest.c  >&5
configure:2468: $? = 0
configure:2490: result: 
configure:2512: checking whether we are cross compiling
configure:2520: gcc -o conftest    conftest.c  >&5
configure:2524: $? = 0
configure:2531: ./conftest
configure:2535: $? = 0
configure:2550: result: no
configure:2555: checking for suffix of object files
configure:2577: gcc -c   conftest.c >&5
configure:2581: $? = 0
configure:2602: result: o
configure:2606: checking whether we are using the GNU C compiler
configure:2625: gcc -c   conftest.c >&5
configure:2625: $? = 0
configure:2634: result: yes
configure:2643: checking whether gcc accepts -g
configure:2663: gcc -c -g  conftest.c >&5
configure:2663: $? = 0
configure:2704: result: yes
configure:2721: checking for gcc option to accept ISO C89
configure:2784: gcc  -c -g -O2  conftest.c >&5
conftest.c: In function 'e':
conftest.c:15:14: warning: old-style function definition [-Wold-style-definition]
   15 | static char *e (p, i)
      |              ^
configure:2784: $? = 0
configure:2797: result: none needed
configure:2823: checking whether make sets $(MAKE)
configure:2845: result: yes
configure:2860: checking how to run the C preprocessor
configure:2891: gcc -E  conftest.c
configure:2891: $? = 0
configure:2905: gcc -E  conftest.c
conftest.c:9:10: fatal error: ac_nonexistent.h: No such file or directory
    9 | #include <ac_nonexistent.h>
      |          ^~~~~~~~~~~~~~~~~~
compilation terminated.
configure:2905: $? = 1
configure: failed program was:
| /* confdefs.h */
| #define PACKAGE_NAME ""
| #define PACKAGE_TARNAME ""
| #define PACKAGE_VERSION ""
| #define PACKAGE_STRING ""
| #define PACKAGE_BUGREPORT ""
| #define PACKAGE_URL ""
| /* end confdefs.h.  */
| #include <ac_nonexistent.h>
configure:2930: result: gcc -E
configure:2950: gcc -E  conftest.c
configure:2950: $? = 0
configure:2964: gcc -E  conftest.c
conftest.c:9:10: fatal error: ac_nonexistent.h: No such file or directory
    9 | #include <ac_nonexistent.h>
      |          ^~~~~~~~~~~~~~~~~~
compilation terminated.
configure:2964: $? = 1
configure: failed program was:
| /* confdefs.h */
| #define PACKAGE_NAME ""
| #define PACKAGE_TARNAME ""
| #define PACKAGE_VERSION ""
| #define PACKAGE_STRING ""
| #define PACKAGE_BUGREPORT ""
| #define PACKAGE_URL ""
| /* end confdefs.h.  */
| #include <ac_nonexistent.h>
configure:2993: checking for grep that handles long lines and -e
configure:3051: result: /bin/grep
configure:3056: checking for egrep
configure:3118: result: /bin/grep -E
configure:3123: checking for ANSI C header files
configure:3143: gcc -c -g -O2  conftest.c >&5
configure:3143: $? = 0
configure:3216: gcc -o conftest -g -O2   conftest.c  >&5
configure:3216: $? = 0
configure:3216: ./conftest
configure:3216: $? = 0
configure:3227: result: yes
configure:3242: checking for special C compiler options needed for large files
configure:3287: result: no
configure:3293: checking for _FILE_OFFSET_BITS value needed for large files
configure:3318: gcc -c -g -O2  conftest.c >&5
conftest.c:15:33: warning: left shift count >= width of type [-Wshift-count-overflow]
   15 | #define LARGE_OFF_T (((off_t) 1 << 62) - 1 + ((off_t) 1 << 62))
      |                                 ^~
conftest.c:16:23: note: in expansion of macro 'LARGE_OFF_T'
   16 |   int off_t_is_large[(LARGE_OFF_T % 2147483629 == 721
      |                       ^~~~~~~~~~~
conftest.c:15:57: warning: left shift count >= width of type [-Wshift-count-overflow]
   15 | #define LARGE_OFF_T (((off_t) 1 << 62) - 1 + ((off_t) 1 << 62))
      |                                                         ^~
conftest.c:16:23: note: in expansion of macro 'LARGE_OFF_T'
   16 |   int off_t_is_large[(LARGE_OFF_T % 2147483629 == 721
      |                       ^~~~~~~~~~~
conftest.c:15:33: warning: left shift count >= width of type [-Wshift-count-overflow]
   15 | #define LARGE_OFF_T (((off_t) 1 << 62) - 1 + ((off_t) 1 << 62))
      |                                 ^~
conftest.c:17:27: note: in expansion of macro 'LARGE_OFF_T'
   17 |                        && LARGE_OFF_T % 2147483647 == 1)
      |                           ^~~~~~~~~~~
conftest.c:15:57: warning: left shift count >= width of type [-Wshift-count-overflow]
   15 | #define LARGE_OFF_T (((off_t) 1 << 62) - 1 + ((off_t) 1 << 62))
      |                                                         ^~
conftest.c:17:27: note: in expansion of macro 'LARGE_OFF_T'
   17 |                        && LARGE_OFF_T % 2147483647 == 1)
      |                           ^~~~~~~~~~~
conftest.c:16:7: error: variably modified 'off_t_is_large' at file scope
   16 |   int off_t_is_large[(LARGE_OFF_T % 2147483629 == 721
      |       ^~~~~~~~~~~~~~
configure:3318: $? = 1
configure: failed program was:
| /* confdefs.h */
| #define PACKAGE_NAME ""
| #define PACKAGE_TARNAME ""
| #define PACKAGE_VERSION ""
| #define PACKAGE_STRING ""
| #define PACKAGE_BUGREPORT ""
| #define PACKAGE_URL ""
| #define STDC_HEADERS 1
| /* end confdefs.h.  */
| #include <sys/types.h>
|  /* Check that off_t can represent 2**63 - 1 correctly.
|     We can't simply define LARGE_OFF_T to be 9223372036854775807,
|     since some C++ compilers masquerading as C compilers
|     incorrectly reject 9223372036854775807.  */
| #define LARGE_OFF_T (((off_t) 1 << 62) - 1 + ((off_t) 1 << 62))
|   int off_t_is_large[(LARGE_OFF_T % 2147483629 == 721
| 		       && LARGE_OFF_T % 2147483647 == 1)
| 		      ? 1 : -1];
| int
| main ()
| {
| 
|   ;
|   return 0;
| }
configure:3342: gcc -c -g -O2  conftest.c >&5
configure:3342: $? = 0
configure:3350: result: 64
configure:3855: creating ./config.status

## ---------------------- ##
## Running config.status. ##
## ---------------------- ##

This file was extended by config.status, which was
generated by GNU Autoconf 2.69.  Invocation command line was

  CONFIG_FILES    = 
  CONFIG_HEADERS  = 
  CONFIG_LINKS    = 
  CONFIG_COMMANDS = 
  $ ./config.status 

on beast

config.status:725: creating Makefile
config.status:824: WARNING:  'Makefile.in' seems to ignore the --datarootdir setting
configure:4926: === configuring in libUseful-bundled (/tmp/term_wifi/libUseful-bundled)
configure:4989: running /bin/sh ./configure --disable-option-checking '--prefix=/usr/local'  '--without-libuseful' --cache-file=/dev/null --srcdir=.

## ---------------- ##
## Cache variables. ##
## ---------------- ##

ac_cv_c_compiler_gnu=yes
ac_cv_env_CC_set=
ac_cv_env_CC_value=
ac_cv_env_CFLAGS_set=
ac_cv_env_CFLAGS_value=
ac_cv_env_CPPFLAGS_set=
ac_cv_env_CPPFLAGS_value=
ac_cv_env_CPP_set=
ac_cv_env_CPP_value=
ac_cv_env_LDFLAGS_set=
ac_cv_env_LDFLAGS_value=
ac_cv_env_LIBS_set=
ac_cv_env_LIBS_value=
ac_cv_env_build_alias_set=
ac_cv_env_build_alias_value=
ac_cv_env_host_alias_set=
ac_cv_env_host_alias_value=
ac_cv_env_target_alias_set=
ac_cv_env_target_alias_value=
ac_cv_header_stdc=yes
ac_cv_objext=o
ac_cv_path_EGREP='/bin/grep -E'
ac_cv_path_GREP=/bin/grep
ac_cv_prog_CPP='gcc -E'
ac_cv_prog_ac_ct_CC=gcc
ac_cv_prog_cc_c89=
ac_cv_prog_cc_g=yes
ac_cv_prog_make_make_set=yes
ac_cv_sys_file_offset_bits=64
ac_cv_sys_largefile_CC=no

## ----------------- ##
## Output variables. ##
## ----------------- ##

CC='gcc'
CFLAGS='-g -O2'
CPP='gcc -E'
CPPFLAGS=''
DEFS='-DPACKAGE_NAME=\"\" -DPACKAGE_TARNAME=\"\" -DPACKAGE_VERSION=\"\" -DPACKAGE_STRING=\"\" -DPACKAGE_BUGREPORT=\"\" -DPACKAGE_URL=\"\" -DSTDC_HEADERS=1 -D_FILE_OFFSET_BITS=64'
ECHO_C=''
ECHO_N='-n'
ECHO_T=''
EGREP='/bin/grep -E'
EXEEXT=''
GREP='/bin/grep'
LDFLAGS=''
LIBOBJS=''
LIBS=''
LIBUSEFUL_BUNDLED='libUseful-bundled/libUseful.a'
LTLIBOBJS=''
OBJEXT='o'
PACKAGE_BUGREPORT=''
PACKAGE_NAME=''
PACKAGE_STRING=''
PACKAGE_TARNAME=''
PACKAGE_URL=''
PACKAGE_VERSION=''
PATH_SEPARATOR=':'
SET_MAKE=''
SHELL='/bin/sh'
ac_ct_CC='gcc'
bindir='${exec_prefix}/bin'
build_alias=''
datadir='${datarootdir}'
datarootdir='${prefix}/share'
docdir='${datarootdir}/doc/${PACKAGE}'
dvidir='${docdir}'
exec_prefix='${prefix}'
host_alias=''
htmldir='${docdir}'
includedir='${prefix}/include'
infodir='${datarootdir}/info'
libdir='${exec_prefix}/lib'
libexecdir='${exec_prefix}/libexec'
localedir='${datarootdir}/locale'
localstatedir='${prefix}/var'
mandir='${datarootdir}/man'
oldincludedir='/usr/include'
pdfdir='${docdir}'
prefix='/usr/local'
program_transform_name='s,x,x,'
psdir='${docdir}'
sbindir='${exec_prefix}/sbin'
sharedstatedir='${prefix}/com'
subdirs=' libUseful-bundled'
sysconfdir='${prefix}/etc'
target_alias=''

## ----------- ##
## confdefs.h. ##
## ----------- ##

/* confdefs.h */
#define PACKAGE_NAME ""
#define PACKAGE_TARNAME ""
#define PACKAGE_VERSION ""
#define PACKAGE_STRING ""
#define PACKAGE_BUGREPORT ""
#define PACKAGE_URL ""
#define STDC_HEADERS 1
#define _FILE_OFFSET_BITS 64

configure: exit 0
