This file contains any messages produced by compilers while
running configure, to aid debugging if configure makes a mistake.

It was created by libUseful configure 5.80, which was
generated by GNU Autoconf 2.69.  Invocation command line was

  $ ./configure --disable-option-checking --prefix=/usr/local --with-libuseful=no --cache-file=/dev/null --srcdir=.

## --------- ##
## Platform. ##
## --------- ##

hostname = beast
uname -m = x86_64
uname -r = 6.14.1-cold-64
uname -s = Linux
uname -v = #7 SMP PREEMPT_DYNAMIC Thu Apr 10 12:38:18 BST 2025

/usr/bin/uname -p = unknown
/bin/uname -X     = 

/bin/arch              = unknown
/usr/bin/arch -k       = unknown
/usr/convex/getsysinfo = unknown
/usr/bin/hostinfo      = unknown
/bin/machine           = unknown
/usr/bin/oslevel       = unknown
/bin/universe          = unknown

PATH: /usr/prebin
PATH: /home/colum/bin
PATH: /usr/local/bin
PATH: /usr/bin
PATH: /usr/X11R7/bin
PATH: /bin
PATH: /usr/games/bin
PATH: .
PATH: /opt/avr/bin
PATH: /opt/boinc_client-7.14.2/bin
PATH: /opt/brlcad-7.26.4/bin
PATH: /opt/clamav-0.100.1/bin
PATH: /opt/csound-6.18.1/bin
PATH: /opt/ctoxcore-0.2.18/bin
PATH: /opt/Drawing/bin
PATH: /opt/emulators/bin
PATH: /opt/FLTK/bin
PATH: /opt/games/bin
PATH: /opt/gifprogs-5.1.2/bin
PATH: /opt/git-2.27.0/bin
PATH: /opt/graphviz-2.40.1/bin
PATH: /opt/graphviz-2.43.20200407.0324/bin
PATH: /opt/jpegprogs-9c/bin
PATH: /opt/LibreCAD/bin
PATH: /opt/localrocks-3.11.1/bin
PATH: /opt/lua-5.3.4/bin
PATH: /opt/mujs-1.0.5/bin
PATH: /opt/netpbm-10.66.02/bin
PATH: /opt/opengl/bin
PATH: /opt/openjdk-8u262/bin
PATH: /opt/Paint3D/bin
PATH: /opt/perl-5.24.1/bin
PATH: /opt/pngprogs-1.6.30/bin
PATH: /opt/Python-3.7.1/bin
PATH: /opt/qemu-5.2.1_SDL/bin
PATH: /opt/Qt5/bin
PATH: /opt/rust-1.57.0/bin
PATH: /opt/SDL2/bin
PATH: /opt/SDL/bin
PATH: /opt/sound-studio/bin
PATH: /opt/tcl-8.6.10/bin
PATH: /opt/tiffprogs-4.0.8/bin
PATH: /opt/wine-11.0/bin
PATH: /opt/xboinc_client-7.14.2/bin


## ----------- ##
## Core tests. ##
## ----------- ##

configure:2299: checking for gcc
configure:2315: found /usr/bin/gcc
configure:2326: result: gcc
configure:2555: checking for C compiler version
configure:2564: gcc --version >&5
gcc (GCC) 16.2.0
Copyright (C) 2026 Free Software Foundation, Inc.
This is free software; see the source for copying conditions.  There is NO
warranty; not even for MERCHANTABILITY or FITNESS FOR A PARTICULAR PURPOSE.

configure:2575: $? = 0
configure:2564: gcc -v >&5
Using built-in specs.
COLLECT_GCC=gcc
COLLECT_LTO_WRAPPER=/usr/libexec/gcc/i486-pc-linux-gnu/16.2.0/lto-wrapper
Target: i486-pc-linux-gnu
Configured with: ../gcc-16.2.0/configure --prefix=/usr --sysconfdir=/etc --localstatedir=/var --enable-languages=c,c++,go --host=i486-pc-linux-gnu --build=i486-pc-linux-gnu --target=i486-pc-linux-gnu
Thread model: posix
Supported LTO compression algorithms: zlib
gcc version 16.2.0 (GCC) 
configure:2575: $? = 0
configure:2564: gcc -V >&5
gcc: error: unrecognized command-line option '-V'
gcc: fatal error: no input files
compilation terminated.
configure:2575: $? = 1
configure:2564: gcc -qversion >&5
gcc: error: unrecognized command-line option '-qversion'; did you mean '--version'?
gcc: fatal error: no input files
compilation terminated.
configure:2575: $? = 1
configure:2595: checking whether the C compiler works
configure:2617: gcc    conftest.c  >&5
configure:2621: $? = 0
configure:2669: result: yes
configure:2672: checking for C compiler default output file name
configure:2674: result: a.out
configure:2680: checking for suffix of executables
configure:2687: gcc -o conftest    conftest.c  >&5
configure:2691: $? = 0
configure:2713: result: 
configure:2735: checking whether we are cross compiling
configure:2743: gcc -o conftest    conftest.c  >&5
configure:2747: $? = 0
configure:2754: ./conftest
configure:2758: $? = 0
configure:2773: result: no
configure:2778: checking for suffix of object files
configure:2800: gcc -c   conftest.c >&5
configure:2804: $? = 0
configure:2825: result: o
configure:2829: checking whether we are using the GNU C compiler
configure:2848: gcc -c   conftest.c >&5
configure:2848: $? = 0
configure:2857: result: yes
configure:2866: checking whether gcc accepts -g
configure:2886: gcc -c -g  conftest.c >&5
configure:2886: $? = 0
configure:2927: result: yes
configure:2944: checking for gcc option to accept ISO C89
configure:3007: gcc  -c -g -O2  conftest.c >&5
conftest.c: In function 'e':
conftest.c:15:14: warning: old-style function definition [-Wold-style-definition]
   15 | static char *e (p, i)
      |              ^
configure:3007: $? = 0
configure:3020: result: none needed
configure:3046: checking whether make sets $(MAKE)
configure:3068: result: yes
configure:3077: checking for grep that handles long lines and -e
configure:3135: result: /bin/grep
configure:3140: checking for egrep
configure:3202: result: /bin/grep -E
configure:3215: checking for special C compiler options needed for large files
configure:3260: result: no
configure:3266: checking for _FILE_OFFSET_BITS value needed for large files
configure:3291: gcc -c -g -O2  conftest.c >&5
conftest.c:14:33: warning: left shift count >= width of type [-Wshift-count-overflow]
   14 | #define LARGE_OFF_T (((off_t) 1 << 62) - 1 + ((off_t) 1 << 62))
      |                                 ^~
conftest.c:15:23: note: in expansion of macro 'LARGE_OFF_T'
   15 |   int off_t_is_large[(LARGE_OFF_T % 2147483629 == 721
      |                       ^~~~~~~~~~~
conftest.c:14:57: warning: left shift count >= width of type [-Wshift-count-overflow]
   14 | #define LARGE_OFF_T (((off_t) 1 << 62) - 1 + ((off_t) 1 << 62))
      |                                                         ^~
conftest.c:15:23: note: in expansion of macro 'LARGE_OFF_T'
   15 |   int off_t_is_large[(LARGE_OFF_T % 2147483629 == 721
      |                       ^~~~~~~~~~~
conftest.c:14:33: warning: left shift count >= width of type [-Wshift-count-overflow]
   14 | #define LARGE_OFF_T (((off_t) 1 << 62) - 1 + ((off_t) 1 << 62))
      |                                 ^~
conftest.c:16:27: note: in expansion of macro 'LARGE_OFF_T'
   16 |                        && LARGE_OFF_T % 2147483647 == 1)
      |                           ^~~~~~~~~~~
conftest.c:14:57: warning: left shift count >= width of type [-Wshift-count-overflow]
   14 | #define LARGE_OFF_T (((off_t) 1 << 62) - 1 + ((off_t) 1 << 62))
      |                                                         ^~
conftest.c:16:27: note: in expansion of macro 'LARGE_OFF_T'
   16 |                        && LARGE_OFF_T % 2147483647 == 1)
      |                           ^~~~~~~~~~~
conftest.c:15:7: error: variably modified 'off_t_is_large' at file scope
   15 |   int off_t_is_large[(LARGE_OFF_T % 2147483629 == 721
      |       ^~~~~~~~~~~~~~
configure:3291: $? = 1
configure: failed program was:
| /* confdefs.h */
| #define PACKAGE_NAME "libUseful"
| #define PACKAGE_TARNAME "libuseful"
| #define PACKAGE_VERSION "5.80"
| #define PACKAGE_STRING "libUseful 5.80"
| #define PACKAGE_BUGREPORT "colums.projects@gmail.com"
| #define PACKAGE_URL ""
| /* end confdefs.h.  */
| #include <sys/types.h>
|  /* Check that off_t can represent 2**63 - 1 correctly.
|     We can't simply define LARGE_OFF_T to be 9223372036854775807,
|     since some C++ compilers masquerading as C compilers
|     incorrectly reject 9223372036854775807.  */
| #define LARGE_OFF_T (((off_t) 1 << 62) - 1 + ((off_t) 1 << 62))
|   int off_t_is_large[(LARGE_OFF_T % 2147483629 == 721
| 		       && LARGE_OFF_T % 2147483647 == 1)
| 		      ? 1 : -1];
| int
| main ()
| {
| 
|   ;
|   return 0;
| }
configure:3315: gcc -c -g -O2  conftest.c >&5
configure:3315: $? = 0
configure:3323: result: 64
configure:3408: checking for working volatile
configure:3427: gcc -c -g -O2  conftest.c >&5
configure:3427: $? = 0
configure:3434: result: yes
configure:3442: checking for inline
configure:3458: gcc -c -g -O2  conftest.c >&5
configure:3458: $? = 0
configure:3466: result: inline
configure:3620: checking if compiler supports -fPIC
configure:3637: gcc -c -g -O2 -fPIC  conftest.c >&5
configure:3637: $? = 0
configure:3643: result: yes
configure:4016: checking for get_current_dir_name in -lc
configure:4041: gcc -o conftest -g -O2 -fPIC   conftest.c -lc   >&5
configure:4041: $? = 0
configure:4050: result: yes
configure:4060: checking for getloadavg
configure:4060: gcc -o conftest -g -O2 -fPIC   conftest.c  >&5
configure:4060: $? = 0
configure:4060: result: yes
configure:4060: checking for sysinfo
configure:4060: gcc -o conftest -g -O2 -fPIC   conftest.c  >&5
configure:4060: $? = 0
configure:4060: result: yes
configure:4060: checking for sysconf
configure:4060: gcc -o conftest -g -O2 -fPIC   conftest.c  >&5
configure:4060: $? = 0
configure:4060: result: yes
configure:4060: checking for getpagesize
configure:4060: gcc -o conftest -g -O2 -fPIC   conftest.c  >&5
configure:4060: $? = 0
configure:4060: result: yes
configure:4060: checking for ptsname_r
configure:4060: gcc -o conftest -g -O2 -fPIC   conftest.c  >&5
configure:4060: $? = 0
configure:4060: result: yes
configure:4060: checking for clearenv
configure:4060: gcc -o conftest -g -O2 -fPIC   conftest.c  >&5
configure:4060: $? = 0
configure:4060: result: yes
configure:4060: checking for setresuid
configure:4060: gcc -o conftest -g -O2 -fPIC   conftest.c  >&5
configure:4060: $? = 0
configure:4060: result: yes
configure:4060: checking for initgroups
configure:4060: gcc -o conftest -g -O2 -fPIC   conftest.c  >&5
configure:4060: $? = 0
configure:4060: result: yes
configure:4060: checking for mlock
configure:4060: gcc -o conftest -g -O2 -fPIC   conftest.c  >&5
configure:4060: $? = 0
configure:4060: result: yes
configure:4060: checking for mlockall
configure:4060: gcc -o conftest -g -O2 -fPIC   conftest.c  >&5
configure:4060: $? = 0
configure:4060: result: yes
configure:4060: checking for munlockall
configure:4060: gcc -o conftest -g -O2 -fPIC   conftest.c  >&5
configure:4060: $? = 0
configure:4060: result: yes
configure:4060: checking for madvise
configure:4060: gcc -o conftest -g -O2 -fPIC   conftest.c  >&5
configure:4060: $? = 0
configure:4060: result: yes
configure:4060: checking for htonll
configure:4060: gcc -o conftest -g -O2 -fPIC   conftest.c  >&5
/usr/lib/gcc/i486-pc-linux-gnu/16.2.0/../../../../i486-pc-linux-gnu/bin/ld: /usr/lib/gcc/i486-pc-linux-gnu/16.2.0/../../../../i486-pc-linux-gnu/bin/ld: DWARF error: can't find .debug_ranges section.
/tmp/cci0R8Kg.o: in function `main':
conftest.c:(.text.startup+0x13): undefined reference to `htonll'
collect2: error: ld returned 1 exit status
configure:4060: $? = 1
configure: failed program was:
| /* confdefs.h */
| #define PACKAGE_NAME "libUseful"
| #define PACKAGE_TARNAME "libuseful"
| #define PACKAGE_VERSION "5.80"
| #define PACKAGE_STRING "libUseful 5.80"
| #define PACKAGE_BUGREPORT "colums.projects@gmail.com"
| #define PACKAGE_URL ""
| #define _FILE_OFFSET_BITS 64
| #define HAVE_GET_CURR_DIR 1
| #define HAVE_GETLOADAVG 1
| #define HAVE_SYSINFO 1
| #define HAVE_SYSCONF 1
| #define HAVE_GETPAGESIZE 1
| #define HAVE_PTSNAME_R 1
| #define HAVE_CLEARENV 1
| #define HAVE_SETRESUID 1
| #define HAVE_INITGROUPS 1
| #define HAVE_MLOCK 1
| #define HAVE_MLOCKALL 1
| #define HAVE_MUNLOCKALL 1
| #define HAVE_MADVISE 1
| /* end confdefs.h.  */
| /* Define htonll to an innocuous variant, in case <limits.h> declares htonll.
|    For example, HP-UX 11i <limits.h> declares gettimeofday.  */
| #define htonll innocuous_htonll
| 
| /* System header to define __stub macros and hopefully few prototypes,
|     which can conflict with char htonll (); below.
|     Prefer <limits.h> to <assert.h> if __STDC__ is defined, since
|     <limits.h> exists even on freestanding compilers.  */
| 
| #ifdef __STDC__
| # include <limits.h>
| #else
| # include <assert.h>
| #endif
| 
| #undef htonll
| 
| /* Override any GCC internal prototype to avoid an error.
|    Use char because int might match the return type of a GCC
|    builtin and then its argument prototype would still apply.  */
| #ifdef __cplusplus
| extern "C"
| #endif
| char htonll ();
| /* The GNU C library defines this for functions which it implements
|     to always fail with ENOSYS.  Some functions are actually named
|     something starting with __ and the normal name is an alias.  */
| #if defined __stub_htonll || defined __stub___htonll
| choke me
| #endif
| 
| int
| main ()
| {
| return htonll ();
|   ;
|   return 0;
| }
configure:4060: result: no
configure:4060: checking for ntohll
configure:4060: gcc -o conftest -g -O2 -fPIC   conftest.c  >&5
/usr/lib/gcc/i486-pc-linux-gnu/16.2.0/../../../../i486-pc-linux-gnu/bin/ld: /usr/lib/gcc/i486-pc-linux-gnu/16.2.0/../../../../i486-pc-linux-gnu/bin/ld: DWARF error: can't find .debug_ranges section.
/tmp/ccw8Vzmf.o: in function `main':
conftest.c:(.text.startup+0x13): undefined reference to `ntohll'
collect2: error: ld returned 1 exit status
configure:4060: $? = 1
configure: failed program was:
| /* confdefs.h */
| #define PACKAGE_NAME "libUseful"
| #define PACKAGE_TARNAME "libuseful"
| #define PACKAGE_VERSION "5.80"
| #define PACKAGE_STRING "libUseful 5.80"
| #define PACKAGE_BUGREPORT "colums.projects@gmail.com"
| #define PACKAGE_URL ""
| #define _FILE_OFFSET_BITS 64
| #define HAVE_GET_CURR_DIR 1
| #define HAVE_GETLOADAVG 1
| #define HAVE_SYSINFO 1
| #define HAVE_SYSCONF 1
| #define HAVE_GETPAGESIZE 1
| #define HAVE_PTSNAME_R 1
| #define HAVE_CLEARENV 1
| #define HAVE_SETRESUID 1
| #define HAVE_INITGROUPS 1
| #define HAVE_MLOCK 1
| #define HAVE_MLOCKALL 1
| #define HAVE_MUNLOCKALL 1
| #define HAVE_MADVISE 1
| /* end confdefs.h.  */
| /* Define ntohll to an innocuous variant, in case <limits.h> declares ntohll.
|    For example, HP-UX 11i <limits.h> declares gettimeofday.  */
| #define ntohll innocuous_ntohll
| 
| /* System header to define __stub macros and hopefully few prototypes,
|     which can conflict with char ntohll (); below.
|     Prefer <limits.h> to <assert.h> if __STDC__ is defined, since
|     <limits.h> exists even on freestanding compilers.  */
| 
| #ifdef __STDC__
| # include <limits.h>
| #else
| # include <assert.h>
| #endif
| 
| #undef ntohll
| 
| /* Override any GCC internal prototype to avoid an error.
|    Use char because int might match the return type of a GCC
|    builtin and then its argument prototype would still apply.  */
| #ifdef __cplusplus
| extern "C"
| #endif
| char ntohll ();
| /* The GNU C library defines this for functions which it implements
|     to always fail with ENOSYS.  Some functions are actually named
|     something starting with __ and the normal name is an alias.  */
| #if defined __stub_ntohll || defined __stub___ntohll
| choke me
| #endif
| 
| int
| main ()
| {
| return ntohll ();
|   ;
|   return 0;
| }
configure:4060: result: no
configure:4060: checking for mkostemp
configure:4060: gcc -o conftest -g -O2 -fPIC   conftest.c  >&5
configure:4060: $? = 0
configure:4060: result: yes
configure:4060: checking for mount
configure:4060: gcc -o conftest -g -O2 -fPIC   conftest.c  >&5
configure:4060: $? = 0
configure:4060: result: yes
configure:4060: checking for umount
configure:4060: gcc -o conftest -g -O2 -fPIC   conftest.c  >&5
configure:4060: $? = 0
configure:4060: result: yes
configure:4060: checking for umount2
configure:4060: gcc -o conftest -g -O2 -fPIC   conftest.c  >&5
configure:4060: $? = 0
configure:4060: result: yes
configure:4060: checking for getentropy
configure:4060: gcc -o conftest -g -O2 -fPIC   conftest.c  >&5
configure:4060: $? = 0
configure:4060: result: yes
configure:4098: checking for poll
configure:4098: gcc -o conftest -g -O2 -fPIC   conftest.c  >&5
configure:4098: $? = 0
configure:4098: result: yes
configure:4122: checking how to run the C preprocessor
configure:4153: gcc -E  conftest.c
configure:4153: $? = 0
configure:4167: gcc -E  conftest.c
conftest.c:30:10: fatal error: ac_nonexistent.h: No such file or directory
   30 | #include <ac_nonexistent.h>
      |          ^~~~~~~~~~~~~~~~~~
compilation terminated.
configure:4167: $? = 1
configure: failed program was:
| /* confdefs.h */
| #define PACKAGE_NAME "libUseful"
| #define PACKAGE_TARNAME "libuseful"
| #define PACKAGE_VERSION "5.80"
| #define PACKAGE_STRING "libUseful 5.80"
| #define PACKAGE_BUGREPORT "colums.projects@gmail.com"
| #define PACKAGE_URL ""
| #define _FILE_OFFSET_BITS 64
| #define HAVE_GET_CURR_DIR 1
| #define HAVE_GETLOADAVG 1
| #define HAVE_SYSINFO 1
| #define HAVE_SYSCONF 1
| #define HAVE_GETPAGESIZE 1
| #define HAVE_PTSNAME_R 1
| #define HAVE_CLEARENV 1
| #define HAVE_SETRESUID 1
| #define HAVE_INITGROUPS 1
| #define HAVE_MLOCK 1
| #define HAVE_MLOCKALL 1
| #define HAVE_MUNLOCKALL 1
| #define HAVE_MADVISE 1
| #define HAVE_MKOSTEMP 1
| #define HAVE_MOUNT 1
| #define HAVE_UMOUNT 1
| #define HAVE_UMOUNT2 1
| #define HAVE_GETENTROPY 1
| #define USE_STRLEN_CACHE 1
| #define HAVE_POLL 1
| /* end confdefs.h.  */
| #include <ac_nonexistent.h>
configure:4192: result: gcc -E
configure:4212: gcc -E  conftest.c
configure:4212: $? = 0
configure:4226: gcc -E  conftest.c
conftest.c:30:10: fatal error: ac_nonexistent.h: No such file or directory
   30 | #include <ac_nonexistent.h>
      |          ^~~~~~~~~~~~~~~~~~
compilation terminated.
configure:4226: $? = 1
configure: failed program was:
| /* confdefs.h */
| #define PACKAGE_NAME "libUseful"
| #define PACKAGE_TARNAME "libuseful"
| #define PACKAGE_VERSION "5.80"
| #define PACKAGE_STRING "libUseful 5.80"
| #define PACKAGE_BUGREPORT "colums.projects@gmail.com"
| #define PACKAGE_URL ""
| #define _FILE_OFFSET_BITS 64
| #define HAVE_GET_CURR_DIR 1
| #define HAVE_GETLOADAVG 1
| #define HAVE_SYSINFO 1
| #define HAVE_SYSCONF 1
| #define HAVE_GETPAGESIZE 1
| #define HAVE_PTSNAME_R 1
| #define HAVE_CLEARENV 1
| #define HAVE_SETRESUID 1
| #define HAVE_INITGROUPS 1
| #define HAVE_MLOCK 1
| #define HAVE_MLOCKALL 1
| #define HAVE_MUNLOCKALL 1
| #define HAVE_MADVISE 1
| #define HAVE_MKOSTEMP 1
| #define HAVE_MOUNT 1
| #define HAVE_UMOUNT 1
| #define HAVE_UMOUNT2 1
| #define HAVE_GETENTROPY 1
| #define USE_STRLEN_CACHE 1
| #define HAVE_POLL 1
| /* end confdefs.h.  */
| #include <ac_nonexistent.h>
configure:4255: checking for ANSI C header files
configure:4275: gcc -c -g -O2 -fPIC  conftest.c >&5
configure:4275: $? = 0
configure:4348: gcc -o conftest -g -O2 -fPIC   conftest.c  >&5
configure:4348: $? = 0
configure:4348: ./conftest
configure:4348: $? = 0
configure:4359: result: yes
configure:4372: checking for sys/types.h
configure:4372: gcc -c -g -O2 -fPIC  conftest.c >&5
configure:4372: $? = 0
configure:4372: result: yes
configure:4372: checking for sys/stat.h
configure:4372: gcc -c -g -O2 -fPIC  conftest.c >&5
configure:4372: $? = 0
configure:4372: result: yes
configure:4372: checking for stdlib.h
configure:4372: gcc -c -g -O2 -fPIC  conftest.c >&5
configure:4372: $? = 0
configure:4372: result: yes
configure:4372: checking for string.h
configure:4372: gcc -c -g -O2 -fPIC  conftest.c >&5
configure:4372: $? = 0
configure:4372: result: yes
configure:4372: checking for memory.h
configure:4372: gcc -c -g -O2 -fPIC  conftest.c >&5
configure:4372: $? = 0
configure:4372: result: yes
configure:4372: checking for strings.h
configure:4372: gcc -c -g -O2 -fPIC  conftest.c >&5
configure:4372: $? = 0
configure:4372: result: yes
configure:4372: checking for inttypes.h
configure:4372: gcc -c -g -O2 -fPIC  conftest.c >&5
configure:4372: $? = 0
configure:4372: result: yes
configure:4372: checking for stdint.h
configure:4372: gcc -c -g -O2 -fPIC  conftest.c >&5
configure:4372: $? = 0
configure:4372: result: yes
configure:4372: checking for unistd.h
configure:4372: gcc -c -g -O2 -fPIC  conftest.c >&5
configure:4372: $? = 0
configure:4372: result: yes
configure:4386: checking sys/epoll.h usability
configure:4386: gcc -c -g -O2 -fPIC  conftest.c >&5
configure:4386: $? = 0
configure:4386: result: yes
configure:4386: checking sys/epoll.h presence
configure:4386: gcc -E  conftest.c
configure:4386: $? = 0
configure:4386: result: yes
configure:4386: checking for sys/epoll.h
configure:4386: result: yes
configure:4396: checking for epoll_create1
configure:4396: gcc -o conftest -g -O2 -fPIC   conftest.c  >&5
configure:4396: $? = 0
configure:4396: result: yes
configure:4419: checking sys/sendfile.h usability
configure:4419: gcc -c -g -O2 -fPIC  conftest.c >&5
configure:4419: $? = 0
configure:4419: result: yes
configure:4419: checking sys/sendfile.h presence
configure:4419: gcc -E  conftest.c
configure:4419: $? = 0
configure:4419: result: yes
configure:4419: checking for sys/sendfile.h
configure:4419: result: yes
configure:4429: checking for sendfile
configure:4429: gcc -o conftest -g -O2 -fPIC   conftest.c  >&5
configure:4429: $? = 0
configure:4429: result: yes
configure:4444: checking sys/random.h usability
configure:4444: gcc -c -g -O2 -fPIC  conftest.c >&5
configure:4444: $? = 0
configure:4444: result: yes
configure:4444: checking sys/random.h presence
configure:4444: gcc -E  conftest.c
configure:4444: $? = 0
configure:4444: result: yes
configure:4444: checking for sys/random.h
configure:4444: result: yes
configure:4459: checking linux/netfilter_ipv4.h usability
configure:4459: gcc -c -g -O2 -fPIC  conftest.c >&5
configure:4459: $? = 0
configure:4459: result: yes
configure:4459: checking linux/netfilter_ipv4.h presence
configure:4459: gcc -E  conftest.c
configure:4459: $? = 0
configure:4459: result: yes
configure:4459: checking for linux/netfilter_ipv4.h
configure:4459: result: yes
configure:4712: checking for unshare in -lc
configure:4737: gcc -o conftest -g -O2 -fPIC   conftest.c -lc   >&5
configure:4737: $? = 0
configure:4746: result: yes
configure:4764: checking for setns in -lc
configure:4789: gcc -o conftest -g -O2 -fPIC   conftest.c -lc  -lc  >&5
configure:4789: $? = 0
configure:4798: result: yes
configure:5216: checking for backtrace_symbols in -lc
configure:5241: gcc -o conftest -g -O2 -fPIC   conftest.c -lc  -lc -lc  >&5
configure:5241: $? = 0
configure:5250: result: yes
configure:5357: checking sys/prctl.h usability
configure:5357: gcc -c -g -O2 -fPIC  conftest.c >&5
configure:5357: $? = 0
configure:5357: result: yes
configure:5357: checking sys/prctl.h presence
configure:5357: gcc -E  conftest.c
configure:5357: $? = 0
configure:5357: result: yes
configure:5357: checking for sys/prctl.h
configure:5357: result: yes
configure:5367: checking for prctl
configure:5367: gcc -o conftest -g -O2 -fPIC   conftest.c -lc -lc  >&5
configure:5367: $? = 0
configure:5367: result: yes
configure:5555: checking if netinet/ip.h contains "IP_ADD_MEMBERSHIP"
configure:5583: gcc -o conftest -g -O2 -fPIC   conftest.c -lc -lc  >&5
configure:5583: $? = 0
configure:5583: ./conftest
configure:5583: $? = 0
configure:5593: result: yes
configure:5765: creating ./config.status

## ---------------------- ##
## Running config.status. ##
## ---------------------- ##

This file was extended by libUseful config.status 5.80, which was
generated by GNU Autoconf 2.69.  Invocation command line was

  CONFIG_FILES    = 
  CONFIG_HEADERS  = 
  CONFIG_LINKS    = 
  CONFIG_COMMANDS = 
  $ ./config.status 

on beast

config.status:735: creating Makefile

## ---------------- ##
## Cache variables. ##
## ---------------- ##

ac_cv_c_compiler_gnu=yes
ac_cv_c_inline=inline
ac_cv_c_volatile=yes
ac_cv_env_CC_set=
ac_cv_env_CC_value=
ac_cv_env_CFLAGS_set=
ac_cv_env_CFLAGS_value=
ac_cv_env_CPPFLAGS_set=
ac_cv_env_CPPFLAGS_value=
ac_cv_env_CPP_set=
ac_cv_env_CPP_value=
ac_cv_env_LDFLAGS_set=
ac_cv_env_LDFLAGS_value=
ac_cv_env_LIBS_set=
ac_cv_env_LIBS_value=
ac_cv_env_build_alias_set=
ac_cv_env_build_alias_value=
ac_cv_env_host_alias_set=
ac_cv_env_host_alias_value=
ac_cv_env_target_alias_set=
ac_cv_env_target_alias_value=
ac_cv_func_clearenv=yes
ac_cv_func_epoll_create1=yes
ac_cv_func_getentropy=yes
ac_cv_func_getloadavg=yes
ac_cv_func_getpagesize=yes
ac_cv_func_htonll=no
ac_cv_func_initgroups=yes
ac_cv_func_madvise=yes
ac_cv_func_mkostemp=yes
ac_cv_func_mlock=yes
ac_cv_func_mlockall=yes
ac_cv_func_mount=yes
ac_cv_func_munlockall=yes
ac_cv_func_ntohll=no
ac_cv_func_poll=yes
ac_cv_func_prctl=yes
ac_cv_func_ptsname_r=yes
ac_cv_func_sendfile=yes
ac_cv_func_setresuid=yes
ac_cv_func_sysconf=yes
ac_cv_func_sysinfo=yes
ac_cv_func_umount2=yes
ac_cv_func_umount=yes
ac_cv_header_inttypes_h=yes
ac_cv_header_linux_netfilter_ipv4_h=yes
ac_cv_header_memory_h=yes
ac_cv_header_stdc=yes
ac_cv_header_stdint_h=yes
ac_cv_header_stdlib_h=yes
ac_cv_header_string_h=yes
ac_cv_header_strings_h=yes
ac_cv_header_sys_epoll_h=yes
ac_cv_header_sys_prctl_h=yes
ac_cv_header_sys_random_h=yes
ac_cv_header_sys_sendfile_h=yes
ac_cv_header_sys_stat_h=yes
ac_cv_header_sys_types_h=yes
ac_cv_header_unistd_h=yes
ac_cv_lib_c_backtrace_symbols=yes
ac_cv_lib_c_get_current_dir_name=yes
ac_cv_lib_c_setns=yes
ac_cv_lib_c_unshare=yes
ac_cv_objext=o
ac_cv_path_EGREP='/bin/grep -E'
ac_cv_path_GREP=/bin/grep
ac_cv_prog_CPP='gcc -E'
ac_cv_prog_ac_ct_CC=gcc
ac_cv_prog_cc_c89=
ac_cv_prog_cc_g=yes
ac_cv_prog_make_make_set=yes
ac_cv_sys_file_offset_bits=64
ac_cv_sys_largefile_CC=no

## ----------------- ##
## Output variables. ##
## ----------------- ##

AR='ar'
BACKTRACE_CFLAGS='-rdynamic'
CC='gcc'
CFLAGS='-g -O2 -fPIC'
CPP='gcc -E'
CPPFLAGS=''
DEFS='-DPACKAGE_NAME=\"libUseful\" -DPACKAGE_TARNAME=\"libuseful\" -DPACKAGE_VERSION=\"5.80\" -DPACKAGE_STRING=\"libUseful\ 5.80\" -DPACKAGE_BUGREPORT=\"colums.projects@gmail.com\" -DPACKAGE_URL=\"\" -D_FILE_OFFSET_BITS=64 -DHAVE_GET_CURR_DIR=1 -DHAVE_GETLOADAVG=1 -DHAVE_SYSINFO=1 -DHAVE_SYSCONF=1 -DHAVE_GETPAGESIZE=1 -DHAVE_PTSNAME_R=1 -DHAVE_CLEARENV=1 -DHAVE_SETRESUID=1 -DHAVE_INITGROUPS=1 -DHAVE_MLOCK=1 -DHAVE_MLOCKALL=1 -DHAVE_MUNLOCKALL=1 -DHAVE_MADVISE=1 -DHAVE_MKOSTEMP=1 -DHAVE_MOUNT=1 -DHAVE_UMOUNT=1 -DHAVE_UMOUNT2=1 -DHAVE_GETENTROPY=1 -DUSE_STRLEN_CACHE=1 -DHAVE_POLL=1 -DSTDC_HEADERS=1 -DHAVE_SYS_TYPES_H=1 -DHAVE_SYS_STAT_H=1 -DHAVE_STDLIB_H=1 -DHAVE_STRING_H=1 -DHAVE_MEMORY_H=1 -DHAVE_STRINGS_H=1 -DHAVE_INTTYPES_H=1 -DHAVE_STDINT_H=1 -DHAVE_UNISTD_H=1 -DHAVE_EPOLL=1 -DHAVE_SENDFILE=1 -DHAVE_SYS_RANDOM=1 -DHAVE_LINUX_NETFILTER_IPV4_H=1 -DUSE_INET6=1 -DUSE_CRC32=1 -DUSE_MD5=1 -DUSE_SHA1=1 -DUSE_SHA2=1 -DUSE_WHIRL=1 -DUSE_JH=1 -DHAVE_LIBC=1 -DHAVE_UNSHARE=1 -DHAVE_LIBC=1 -DHAVE_SETNS=1 -DHAVE_BACKTRACE=1 -DHAVE_PRCTL=1 -DUSE_SMTP=1 -DUSE_MCAST=1'
ECHO_C=''
ECHO_N='-n'
ECHO_T=''
EGREP='/bin/grep -E'
EXEEXT=''
GREP='/bin/grep'
LDFLAGS=''
LIBOBJS=''
LIBS='-lc -lc '
LICENSE='GPLv3'
LN='ln'
LTLIBOBJS=''
OBJEXT='o'
PACKAGE_BUGREPORT='colums.projects@gmail.com'
PACKAGE_NAME='libUseful'
PACKAGE_STRING='libUseful 5.80'
PACKAGE_TARNAME='libuseful'
PACKAGE_URL=''
PACKAGE_VERSION='5.80'
PATH_SEPARATOR=':'
SET_MAKE=''
SHELL='/bin/sh'
SIMD_CFLAGS=''
SONAME_FLAGS='-Wl,${LINKER_SONAME_OPTION},${SONAME}'
ac_ct_CC='gcc'
bindir='${exec_prefix}/bin'
build_alias=''
datadir='${datarootdir}'
datarootdir='${prefix}/share'
docdir='${datarootdir}/doc/${PACKAGE_TARNAME}'
dvidir='${docdir}'
exec_prefix='${prefix}'
host_alias=''
htmldir='${docdir}'
includedir='${prefix}/include'
infodir='${datarootdir}/info'
libdir='${exec_prefix}/lib'
libexecdir='${exec_prefix}/libexec'
localedir='${datarootdir}/locale'
localstatedir='${prefix}/var'
mandir='${datarootdir}/man'
oldincludedir='/usr/include'
pdfdir='${docdir}'
prefix='/usr/local'
program_transform_name='s,x,x,'
psdir='${docdir}'
sbindir='${exec_prefix}/sbin'
sharedstatedir='${prefix}/com'
sysconfdir='${prefix}/etc'
target_alias=''

## ----------- ##
## confdefs.h. ##
## ----------- ##

/* confdefs.h */
#define PACKAGE_NAME "libUseful"
#define PACKAGE_TARNAME "libuseful"
#define PACKAGE_VERSION "5.80"
#define PACKAGE_STRING "libUseful 5.80"
#define PACKAGE_BUGREPORT "colums.projects@gmail.com"
#define PACKAGE_URL ""
#define _FILE_OFFSET_BITS 64
#define HAVE_GET_CURR_DIR 1
#define HAVE_GETLOADAVG 1
#define HAVE_SYSINFO 1
#define HAVE_SYSCONF 1
#define HAVE_GETPAGESIZE 1
#define HAVE_PTSNAME_R 1
#define HAVE_CLEARENV 1
#define HAVE_SETRESUID 1
#define HAVE_INITGROUPS 1
#define HAVE_MLOCK 1
#define HAVE_MLOCKALL 1
#define HAVE_MUNLOCKALL 1
#define HAVE_MADVISE 1
#define HAVE_MKOSTEMP 1
#define HAVE_MOUNT 1
#define HAVE_UMOUNT 1
#define HAVE_UMOUNT2 1
#define HAVE_GETENTROPY 1
#define USE_STRLEN_CACHE 1
#define HAVE_POLL 1
#define STDC_HEADERS 1
#define HAVE_SYS_TYPES_H 1
#define HAVE_SYS_STAT_H 1
#define HAVE_STDLIB_H 1
#define HAVE_STRING_H 1
#define HAVE_MEMORY_H 1
#define HAVE_STRINGS_H 1
#define HAVE_INTTYPES_H 1
#define HAVE_STDINT_H 1
#define HAVE_UNISTD_H 1
#define HAVE_EPOLL 1
#define HAVE_SENDFILE 1
#define HAVE_SYS_RANDOM 1
#define HAVE_LINUX_NETFILTER_IPV4_H 1
#define USE_INET6 1
#define USE_CRC32 1
#define USE_MD5 1
#define USE_SHA1 1
#define USE_SHA2 1
#define USE_WHIRL 1
#define USE_JH 1
#define HAVE_LIBC 1
#define HAVE_UNSHARE 1
#define HAVE_LIBC 1
#define HAVE_SETNS 1
#define HAVE_BACKTRACE 1
#define HAVE_PRCTL 1
#define USE_SMTP 1
#define USE_MCAST 1

configure: exit 0
